Apfel
Baum
Kaffee
Fenster
Schule
Auto
Tisch
Himmel
Wasser
Buch
Haus
Sonne
Blume
Musik
Garten
Stuhl
Telefon
Hund
Katze
Stadt
Mond
Reise
Zeit
Kuchen
Freund
Familie
Sommer
Winter
Tag
Nacht
Stern
Fernseher
Brücke
Straße
Park
Malerei
Freiheit
Liebe
Freude
Traum
Lächeln
Berg
Fluss
Ozean
Insel
Wolke
Wind
Regen
Schnee
Feuer
Luft
Lied
Tier
Vogel
Fisch
Brot
Markt
Apotheke
Arzt
Krankenhaus
Brille
Uhr
Kleidung
Schuhe
Tasche
Geld
Brief
Foto
Gedicht
Kino
Theater
Museum
Universität
Bibliothek
Computer
Internet
Handy
Kamera
Sport
Spiel
Abenteuer
Geschichte
Wissenschaft
Technologie
Politik
Kunst
Kultur
Religion
Essen
Getränk
Obst
Gemüse
Fleisch
Käse
Suppe
Salat
Dessert
Reise
Urlaub
Erinnerung
Fensterbank
Kühlschrank
Lampe
Spiegel
Decke
Boden
Handtuch
Zahnbürste
Seife
Spülmaschine
Wäsche
Handtasche
Frühstück
Mittagessen
Abendessen
Snack
Getränkekühlschrank
Kissen
Decke
Badewanne
Dusche
Shampoo
Haartrockner
Zahnpasta
Zahnpflege
Augenblick
Klang
Duft
Geschmack
Textur
Farbe
Form
Bewegung
Ruhe
Wärme
Kälte
Lächeln
Träne
Freundschaft
Beziehung
Partnerschaft
Vertrauen
Respekt
Toleranz
Freiheit
Gerechtigkeit
Frieden
Mut
Hoffnung
Glück
Melodie
Harmonie
Rhythmus
Abenteuer
Entdeckung
Reise
Expedition
Wissenschaftler
Forschung
Entdeckung
Experiment
Labor
Analyse
Ergebnis
Theorie
Konzept
Idee
Kreativität
Inspiration
Phantasie
Innovation
Design
Architektur
Malerei
Skulptur
Fotografie
Theaterstück
Roman
Gedicht
Märchen
Romanze
Thriller
Mystery
Fantasy
Komödie
Drama
Biografie
Geschichte
Erinnerung
Vergangenheit
Gegenwart
Zukunft
Zeitreise
Raum
Galaxie
Planet
Sternschnuppe
Astronomie
Astrologie
Horoskop
